// Jest Snapshot v1, https://goo.gl/fbAQLP

exports[`registerDate should add Date support to SJSON 1`] = `"{\\"__sj_type\\":\\"Date\\",\\"__sj_value\\":\\"1995-12-04T00:00:00.000Z\\"}"`;
