// Jest Snapshot v1, https://goo.gl/fbAQLP

exports[`registerMap should add Map support to SJSON 1`] = `"{\\"__sj_type\\":\\"Map\\",\\"__sj_value\\":[[1,\\"goodfellow\\"],[2,\\"target\\"]]}"`;
