// Jest Snapshot v1, https://goo.gl/fbAQLP

exports[`registerSet should add set support to SJSON 1`] = `"{\\"__sj_type\\":\\"Set\\",\\"__sj_value\\":[\\"Mocha\\",\\"LiveScript\\",\\"JavaScript\\",\\"ECMAScript\\"]}"`;
