// Jest Snapshot v1, https://goo.gl/fbAQLP

exports[`SJSON should hand complex data 1`] = `
"{
  \\"string\\": \\"hello world\\",
  \\"number\\": 1234,
  \\"boolean\\": true,
  \\"date\\": {
    \\"__sj_type\\": \\"Date\\",
    \\"__sj_value\\": \\"1995-12-04T00:00:00.000Z\\"
  },
  \\"maps\\": {
    \\"__sj_type\\": \\"Map\\",
    \\"__sj_value\\": [
      [
        1,
        \\"Mocha\\"
      ],
      [
        2,
        \\"LiveScript\\"
      ],
      [
        3,
        \\"JavaScript\\"
      ],
      [
        4,
        \\"ECMAScript\\"
      ]
    ]
  },
  \\"sets\\": {
    \\"__sj_type\\": \\"Set\\",
    \\"__sj_value\\": [
      \\"Mocha\\",
      \\"LiveScript\\",
      \\"JavaScript\\",
      \\"ECMAScript\\"
    ]
  }
}"
`;
