// Jest Snapshot v1, https://goo.gl/fbAQLP

exports[`registerAsJSON should replace JSON with SJSON 1`] = `"{\\"__sj_type\\":\\"Date\\",\\"__sj_value\\":\\"1902-06-24T00:00:00.000Z\\"}"`;

exports[`unregisterAsJSON should replace SJSON with JSON 1`] = `"{\\"__sj_type\\":\\"Date\\",\\"__sj_value\\":\\"1902-06-24T00:00:00.000Z\\"}"`;

exports[`unregisterAsJSON should replace SJSON with JSON 2`] = `"\\"1902-06-24T00:00:00.000Z\\""`;
